main.c:61:6:display7SEG	32	static
main.c:99:6:toggle_SEG	16	static
main.c:108:6:turn_off_SEG	8	static
main.c:114:6:update_SEG	16	static
main.c:132:6:reset_mode0	4	static
main.c:139:6:mode0_timer	4	static
main.c:144:6:mode_0	8	static
main.c:189:6:MODE_Selector	8	static
main.c:207:6:OFF_ALL_LED	8	static
main.c:215:6:LED_BLINKY	8	static
main.c:237:6:mode_123	8	static
main.c:271:5:main	8	static
main.c:334:6:SystemClock_Config	72	static
main.c:370:13:MX_TIM2_Init	32	static
main.c:415:13:MX_GPIO_Init	32	static
main.c:467:6:HAL_TIM_PeriodElapsedCallback	16	static
main.c:481:6:Error_Handler	4	static,ignoring_inline_asm
